*** Builder log created: {2017-08-23 14:13:20} 
*** Builder log completed: {2017-08-23 14:13:21} 
 
  ___  ____  ____  ____  ____ (R)
 /__    /   ____/   /   ____/
___/   /   /___/   /   /___/   14.2   Copyright 1985-2015 StataCorp LLC
  Statistics/Data Analysis            StataCorp
                                      4905 Lakeway Drive
     MP - Parallel Edition            College Station, Texas 77845 USA
                                      800-STATA-PC        http://www.stata.com
                                      979-696-4600        stata@stata.com
                                      979-696-4601 (fax)

Unlimited-user 4-core Stata network license expires 21 Jul 2018:
       Serial number:  501509201134
         Licensed to:  Quan Le
                       Stanford University

Notes:
      1.  Stata is running in batch mode.
      2.  Unicode is supported; see help unicode_advice.
      3.  More than 2 billion observations are allowed; see help obs_advice.
      4.  Maximum number of variables is set to 5000; see help set_maxvar.


running /Applications/Stata/profile.do ...

. do "source/descriptive/descriptive.do" 

. version 14

. clear all

. set more off

. 
. program main
  1.     yaml read YAML using config_global.yaml
  2.     yaml local data  = YAML.build.prepare_data
  3.     yaml local build = YAML.build.descriptive
  4. 
.     import delimited "`data'/data.txt", delimiter("|") clear
  5. 
.     hist x, bin(10)
  6.     graph export "`build'/plot.eps", replace
  7. 
.     sum x
  8.     file open  outfile using "`build'/table.txt", write replace
  9.     file write outfile "<tab:table>" _n
 10.     file write outfile (r(mean)) _n (r(sd)) _n (r(max)) _n (r(min))
 11.     file close outfile
 12. 
. end

. 
. * EXECUTE
. main
(1 var, 300,000 obs)
(bin=10, start=1, width=29999.9)
(note: file build/descriptive/plot.eps not found)
(file build/descriptive/plot.eps written in EPS format)

    Variable |        Obs        Mean    Std. Dev.       Min        Max
-------------+---------------------------------------------------------
           x |    300,000    150000.5    86602.68          1     300000
(note: file build/descriptive/table.txt not found)

. 
end of do-file
